{
  "regular string" : "foo bar baz",
  "newline string" : "\\n",
  "multiple newline string 1" : "\\nfoo \\n bar \\n baz\\n",
  "multiple newline string 2" : "f''_'s;ddV@&N*(NV%^78#$^%*VN(%/////jasjoo \\n basdfhjkasfhjkar \\n bazasdjkl;as@#HCD$*(CNH^$djkl",
  "multiple escaped string" : "\"\b\f\n\r\t foo \b\f\"\n\r\t bar \b\f\n\r\t\" baz \t\r\n\"\f\b\"",
  "hex escaped string" : "\u7F1A\uFEED\uF00D\uBACD\uBAD9\u123D\u8FAC\u4ADC\u654A\u321B\uFFFF\u0000",
  "mixed escaping" : "\n\u1234\t\uFEED\basdf\u001Fdnwyuqi\b\\\" dhuFH#*f3DF! \n \r \t \uF00D\"\\ adshjk \n",
  "zero" : "0",
  "one" : "1",
  "integer" : "1234567",
  "negative integer" : "-38231768",
  "decimal" : "0.136431",
  "negative decimal" : "-0.98927689",
  "float" : "2345.823768",
  "negative float" : "-71.376251",
  "exponent 0" : "1e3",
  "exponent 1" : "-1e55",
  "exponent 2" : "-0.23213e19",
  "exponent 3" : "0.1e0",
  "exponent 4" : "-3127839.9031276868E-10",
  "exponent 5" : "9.02314e9",
  "true" : true,
  "false" : false,
  "null" : null,
  "empty object" : {},
  "empty list" : [],
  "basic search" : {
    "index" : "movies",
    "type" : "data",
    "from" : 0,
    "size" : "10"
  },
  "search" : {
    "max_score" : null,
    "hits" : [
      {
        "_index" : "movies",
        "_type" : "data",
        "_id" : "72998",
        "_score" : null,
        "_source" : {
          "overview" : "In the 22nd century, a paraplegic Marine is dispatched to the moon Pandora on a unique mission, but becomes torn between following orders and protecting an alien civilization.",
          "votecount" : 8218,
          "posterpath" : "/tcqb9NHdw9SWs2a88KCDD4V8sVR.jpg",
          "runtime" : 162,
          "movieid" : 72998,
          "language" : "en",
          "releasedate" : "2009-12-10T00:00:00.000Z",
          "voteaverage" : 7.099999904632568,
          "title" : "Avatar (2009)",
          "revenue" : 2100000000,
          "backdroppath" : "/5XPPB44RQGfkBrbJxmtdndKz05n.jpg",
          "genres" : "Action|Adventure|Sci-Fi|IMAX",
          "popularity" : 8.273819923400879,
          "@version" : "1",
          "tagline" : "Enter the World of Pandora.",
          "status" : "Released",
          "budget" : 237000000,
          "homepage" : "http://www.avatarmovie.com/"
        },
        "sort" : [
          2100000000,
          72998
        ]
      }
    ]
  },
  "search with space in field" : {
    "index" : "movies",
    "type" : "data stuff",
    "size" : 10,
    "from" : 0
  },
  "search 2" : {
    "index" : "movies",
    "type" : "data",
    "size" : 10,
    "from" : 0,
    "body" : {
      "query" : {
        "bool" : {
          "must_not" : [{"match" : {"title" : "blah blah"}}]
        }
      }
    }
  },
  "indices.getMapping" : {
    "movies" : {
      "mappings" : {
        "data" : {
          "properties" : {
            "@version" : {
              "type" : "text",
              "fields" : {
                "keyword" : {
                  "type" : "keyword",
                  "ignore_above" : 256
                }
              }
            },
            "backdroppath" : {
              "type" : "text",
              "fields" : {
                "keyword" : {
                  "type" : "keyword",
                  "ignore_above" : 256
                }
              }
            },
            "budget" : {
              "type" : "long"
            },
            "genres" : {
              "type" : "text",
              "fields" : {
                "keyword" : {
                  "type" : "keyword",
                  "ignore_above" : 256
                }
              }
            },
            "homepage" : {
              "type" : "text",
              "fields" : {
                "keyword" : {
                  "type" : "keyword",
                  "ignore_above" : 256
                }
              }
            },
            "language" : {
              "type" : "text",
              "fields" : {
                "keyword" : {
                  "type" : "keyword",
                  "ignore_above" : 256
                }
              }
            },
            "movieid" : {
              "type" : "long"
            },
            "overview" : {
              "type" : "text",
              "fields" : {
                "keyword" : {
                  "type" : "keyword",
                  "ignore_above" : 256
                }
              }
            },
            "popularity" : {
              "type" : "float"
            },
            "posterpath" : {
              "type" : "text",
              "fields" : {
                "keyword" : {
                  "type" : "keyword",
                  "ignore_above" : 256
                }
              }
            },
            "releasedate" : {
              "type" : "date"
            },
            "revenue" : {
              "type" : "long"
            },
            "runtime" : {
              "type" : "long"
            },
            "status" : {
              "type" : "text",
              "fields" : {
                "keyword" : {
                  "type" : "keyword",
                  "ignore_above" : 256
                }
              }
            },
            "tagline" : {
              "type" : "text",
              "fields" : {
                "keyword" : {
                  "type" : "keyword",
                  "ignore_above" : 256
                }
              }
            },
            "title" : {
              "type" : "text",
              "fields" : {
                "keyword" : {
                  "type" : "keyword",
                  "ignore_above" : 256
                }
              }
            },
            "voteaverage" : {
              "type" : "float"
            },
            "votecount" : {
              "type" : "long"
            }
          }
        }
      }
    }
  },
  "putScript" : {
    "max_score" : null,
    "hits" : [
      {
        "_index" : "movies",
        "_type" : "data",
        "_id" : "72998",
        "_score" : null,
        "_source" : {
          "overview" : "In the 22nd century, a paraplegic Marine is dispatched to the moon Pandora on a unique mission, but becomes torn between following orders and protecting an alien civilization.",
          "votecount" : 8218,
          "posterpath" : "/tcqb9NHdw9SWs2a88KCDD4V8sVR.jpg",
          "runtime" : 162,
          "movieid" : 72998,
          "language" : "en",
          "releasedate" : "2009-12-10T00:00:00.000Z",
          "voteaverage" : 7.099999904632568,
          "title" : "Avatar (2009)",
          "revenue" : 2100000000,
          "backdroppath" : "/5XPPB44RQGfkBrbJxmtdndKz05n.jpg",
          "genres" : "Action|Adventure|Sci-Fi|IMAX",
          "popularity" : 8.273819923400879,
          "@version" : "1",
          "tagline" : "Enter the World of Pandora.",
          "status" : "Released",
          "budget" : 237000000,
          "homepage" : "http://www.avatarmovie.com/"
        },
        "sort" : [
          1863000000
        ]
      }
    ]
  },
  "search-1" : {
    "index" : "movies",
    "type" : "data",
    "from" : 0,
    "size" : 10
  },
  "search-2" : {
    "index" : "movies",
    "type" : "data",
    "body" : {
      "from" : 0,
      "size" : 10
    }
  },
  "search-3" : {
    "index" : "movies",
    "type" : "data",
    "body" : {
      "query" : {
        "type" : {"value" : "data"}
      }
    },
    "sort" : ["_score"]
  },
  "search-4" : {
    "index" : "movies",
    "type" : "data",
    "from" : 0,
    "size" : 1000,
    "body" : {
      "query" : {
        "bool" : {
          "must" : {
            "match" : {
              "genres" : "Drama"
            },
            "range" : {
              "releaseDate" : {
                "gt" : 2000,
                "lt" : 2010
              }
            }
          }
        }
      }
    }
  },
  "search-5" : {
    "index" : "movies",
    "type" : "data",
    "size" : 10,
    "body" : {
      "_source" : [
        "movieid",
        "title",
        "releasedate"
      ]
    }
  },
  "search-6" : {
    "index" : "movies",
    "type" : "data",
    "size" : 10,
    "body" : {
      "query" : {
        "bool" : {
          "must_not" : [
            {
              "match" : {
                "title" : "Toy Story (1995)"
              }
            }
          ]
        }
      }
    }
  },
  "search-7" : {
    "index" : "movies",
    "type" : "data",
    "from" : 0,
    "size" : 100,
    "body" : {
      "query" : {
        "bool" : {
          "must" : {
            "match" : {"genres" : "Action"}
          },
          "must_not" : {
            "match" : {
              "title" : "Toy Story (1995)"
            }
          }
        }
      }
    }
  },
  "search-8" : {
    "index" : "movies",
    "type" : "data",
    "from" : 20,
    "size" : 10,
    "body" : {
      "_source" : [
        "movieid",
        "title",
        "releasedate"
      ],
      "sort" : [
        {
          "movieid" : {
            "order" : "desc"
          }
        },
        {
          "releasedate" : {
            "order" : "asc"
          }
        }
      ],
      "query" : {
        "bool" : {
          "filter" : {
            "bool" : {
              "must" : [
                {
                  "range" : {
                    "releasedate" : {
                      "gte" : "2007-03-24"
                    }
                  }
                },
                {
                  "range" : {
                    "releasedate" : {
                      "lt" : "2017-03-24"
                    }
                  }
                }
              ]
            }
          },
          "must_not" : [
            {
              "match" : {
                "movieid" : 2134
              }
            }
          ]
        }
      }
    }
  },
  "search-9" : {
    "index" : "movies",
    "type" : "data",
    "body" : {
      "query" : {},
      "sort" : [
        {
          "revenue" : "desc"
        },
        {
          "movieid" : "asc"
        }
      ]
    },
    "size" : 20
  },
  "search-10" : {
    "index" : "movies",
    "type" : "data",
    "from" : 0,
    "size" : 5,
    "body" : {
      "query" : {
        "bool" : {
          "must" : [
            {
              "match" : {
                "status" : "Released"
              }
            },
            {
              "match" : {
                "language" : "en"
              }
            }
          ],
          "must_not" : [
            {
              "term" : {
                "budget" : 0
              }
            },
            {
              "term" : {
                "revenue" : 0
              }
            }
          ],
          "minimum_should_match" : 1,
          "should" : [
            {
              "match" : {
                "genres" : "Thriller"
              }
            },
            {
              "match" : {
                "genres" : "Action"
              }
            }
          ]
        }
      },
      "sort" : {
        "_script" : {
          "type" : "number",
          "order" : "desc",
          "script" : {
            "stored" : "terrain_PWLScore",
            "params" : {
              "factors" : [
                {
                  "weight" : 0.1,
                  "ranges" : [
                    -100.0,
                    100.0
                  ],
                  "outputs" : [
                    0.0,
                    1.0
                  ]
                },
                {
                  "weight" : 0.2,
                  "a" : 0.0,
                  "b" : 1.0,
                  "numerators" : [
                    [
                      "popularity",
                      1
                    ]
                  ],
                  "denominators" : [],
                  "ranges" : [
                    0.0,
                    2.5,
                    5.0,
                    10.0,
                    50.0
                  ],
                  "outputs" : [
                    0.0,
                    0.2,
                    0.5,
                    0.8,
                    1.0
                  ]
                },
                {
                  "weight" : 0.2,
                  "a" : 25.0,
                  "b" : 10.0,
                  "numerators" : [
                    [
                      "voteaverage",
                      1
                    ]
                  ],
                  "denominators" : [
                    [
                      "votecount",
                      1
                    ]
                  ],
                  "ranges" : [
                    0.0,
                    4.0,
                    5.0,
                    10.0
                  ],
                  "outputs" : [
                    0.0,
                    0.1,
                    0.5,
                    1.0
                  ]
                },
                {
                  "weight" : 0.5,
                  "a" : 0.0,
                  "b" : 1.0,
                  "numerators" : [
                    [
                      "revenue",
                      1
                    ],
                    [
                      "budget",
                      -1
                    ]
                  ],
                  "denominators" : [
                    [
                      "budget",
                      1
                    ]
                  ],
                  "ranges" : [
                    -10.0,
                    1.0,
                    2.0,
                    10.0
                  ],
                  "outputs" : [
                    0.0,
                    0.1,
                    0.5,
                    1.0
                  ]
                }
              ]
            }
          }
        }
      }
    }
  },
  "search-11" : {
    "index" : "movies",
    "type" : "movies",
    "from" : 0,
    "size" : 1000,
    "body" : {
      "query" : {
        "bool" : {
          "should" : {
            "range" : {
              "budget" : {
                "gte" : 100000000
              }
            }
          }
        }
      },
      "sort" : {
        "_script" : {
          "type" : "number",
          "order" : "desc",
          "script" : {
            "stored" : "terrain_PWLScore",
            "params" : {
              "factors" : [
                {
                  "weight" : 1,
                  "a" : 0,
                  "b" : 1,
                  "numerators" : [
                    [
                      "budget",
                      1
                    ]
                  ],
                  "denominators" : [
                  ],
                  "ranges" : [
                    2,
                    15
                  ],
                  "outputs" : [
                    0.2,
                    0.5
                  ]
                }
              ]
            }
          }
        }
      }
    }
  }
}
