{
    "stored PWL transform sort query": [
        {
            "_id": "116797",
            "_index": "movies",
            "_score": null,
            "_source": {
                "@version": "1",
                "backdroppath": "/qcb6z1HpokTOKdjqDTsnjJk0Xvg.jpg",
                "budget": 14000000,
                "genres": "Drama|Thriller",
                "homepage": "http://theimitationgamemovie.com/",
                "language": "en",
                "movieid": 116797,
                "overview": "Based on the real life story of legendary cryptanalyst Alan Turing, the film portrays the nail-biting race against time by Turing and his brilliant team of code-breakers at Britain's top-secret Government Code and Cypher School at Bletchley Park, during the darkest days of World War II.",
                "popularity": 9.532139778137207,
                "posterpath": "/noUp0XOqIcmgefRnRZa1nhtRvWO.jpg",
                "releasedate": "2014-11-14T00:00:00.000Z",
                "revenue": 233555708,
                "runtime": 113,
                "status": "Released",
                "tagline": "The true enigma was the man who cracked the code.",
                "title": "The Imitation Game (2014)",
                "voteaverage": 8,
                "votecount": 3268
            },
            "_type": "data",
            "sort": [
                0.7044360129081163
            ]
        },
        {
            "_id": "111360",
            "_index": "movies",
            "_score": null,
            "_source": {
                "@version": "1",
                "backdroppath": "/eCgIoGvfNXrbSiQGqQHccuHjQHm.jpg",
                "budget": 40000000,
                "genres": "Action|Sci-Fi",
                "homepage": "http://lucymovie.com/",
                "language": "en",
                "movieid": 111360,
                "overview": "A woman, accidentally caught in a dark deal, turns the tables on her captors and transforms into a merciless warrior evolved beyond human logic.",
                "popularity": 7.560890197753906,
                "posterpath": "/rwn876MeqienhOVSSjtUPnwxn0Z.jpg",
                "releasedate": "2014-07-14T00:00:00.000Z",
                "revenue": 463360063,
                "runtime": 89,
                "status": "Released",
                "tagline": "The average person uses 10% of their brain capacity. Imagine what she could do with 100%.",
                "title": "Lucy (2014)",
                "voteaverage": 6.300000190734863,
                "votecount": 3554
            },
            "_type": "data",
            "sort": [
                0.6807745937088925
            ]
        },
        {
            "_id": "260",
            "_index": "movies",
            "_score": null,
            "_source": {
                "@version": "1",
                "backdroppath": "/4iJfYYoQzZcONB9hNzg0J0wWyPH.jpg",
                "budget": 11000000,
                "genres": "Action|Adventure|Sci-Fi",
                "homepage": "http://www.starwars.com/films/star-wars-episode-iv-a-new-hope",
                "language": "en",
                "movieid": 260,
                "overview": "Princess Leia is captured and held hostage by the evil Imperial forces in their effort to take over the galactic Empire. Venturesome Luke Skywalker and dashing captain Han Solo team together with the loveable robot duo R2-D2 and C-3PO to rescue the beautiful princess and restore peace and justice in the Empire.",
                "popularity": 7.078539848327637,
                "posterpath": "/tvSlBzAdRE29bZe5yYWrJ2ds137.jpg",
                "releasedate": "1977-03-20T00:00:00.000Z",
                "revenue": 775398007,
                "runtime": 121,
                "status": "Released",
                "tagline": "A long time ago in a galaxy far, far away...",
                "title": "Star Wars: Episode IV - A New Hope (1977)",
                "voteaverage": 7.900000095367432,
                "votecount": 4206
            },
            "_type": "data",
            "sort": [
                0.6749814962066102
            ]
        },
        {
            "_id": "296",
            "_index": "movies",
            "_score": null,
            "_source": {
                "@version": "1",
                "backdroppath": "/mte63qJaVnoxkkXbHkdFujBnBgd.jpg",
                "budget": 8000000,
                "genres": "Comedy|Crime|Drama|Thriller",
                "homepage": "",
                "language": "en",
                "movieid": 296,
                "overview": "A burger-loving hit man, his philosophical partner, a drug-addled gangster's moll and a washed-up boxer converge in this sprawling, comedic crime caper. Their adventures unfurl in three stories that ingeniously trip back and forth in time.",
                "popularity": 5.996039867401123,
                "posterpath": "/dM2w364MScsjFf8pfMbaWUcWrR.jpg",
                "releasedate": "1994-10-14T00:00:00.000Z",
                "revenue": 213928762,
                "runtime": 154,
                "status": "Released",
                "tagline": "Just because you are a character doesn't mean you have character.",
                "title": "Pulp Fiction (1994)",
                "voteaverage": 8,
                "votecount": 5096
            },
            "_type": "data",
            "sort": [
                0.6619847933324328
            ]
        },
        {
            "_id": "2949",
            "_index": "movies",
            "_score": null,
            "_source": {
                "@version": "1",
                "backdroppath": "/bplDiT5JhaXf9S5arO8g5QsFtDi.jpg",
                "budget": 1100000,
                "genres": "Action|Adventure|Thriller",
                "homepage": "http://www.mgm.com/view/movie/566/Dr.-No/",
                "language": "en",
                "movieid": 2949,
                "overview": "In the film that launched the James Bond saga, Agent 007 (Sean Connery) battles mysterious Dr. No, a scientific genius bent on destroying the U.S. space program. As the countdown to disaster begins, Bond must go to Jamaica, where he encounters beautiful Honey Ryder (Ursula Andress), to confront a megalomaniacal villain in his massive island headquarters.",
                "popularity": 5.804810047149658,
                "posterpath": "/c3zP1U1P2OpD0504izo2KhyJfLU.jpg",
                "releasedate": "1962-10-04T00:00:00.000Z",
                "revenue": 59600000,
                "runtime": 110,
                "status": "Released",
                "tagline": "NOW meet the most extraordinary gentleman spy in all fiction!",
                "title": "Dr. No (1962)",
                "voteaverage": 6.599999904632568,
                "votecount": 532
            },
            "_type": "data",
            "sort": [
                0.6599492334800453
            ]
        }
    ],

    "stored PWL transform sort query using function_score": [
        {
            "_id": "116797",
            "_index": "movies",
            "_score": 0.5232858,
            "_source": {
                "@version": "1",
                "backdroppath": "/qcb6z1HpokTOKdjqDTsnjJk0Xvg.jpg",
                "budget": 14000000,
                "genres": "Drama|Thriller",
                "homepage": "http://theimitationgamemovie.com/",
                "language": "en",
                "movieid": 116797,
                "overview": "Based on the real life story of legendary cryptanalyst Alan Turing, the film portrays the nail-biting race against time by Turing and his brilliant team of code-breakers at Britain's top-secret Government Code and Cypher School at Bletchley Park, during the darkest days of World War II.",
                "popularity": 9.532139778137207,
                "posterpath": "/noUp0XOqIcmgefRnRZa1nhtRvWO.jpg",
                "releasedate": "2014-11-14T00:00:00.000Z",
                "revenue": 233555708,
                "runtime": 113,
                "status": "Released",
                "tagline": "The true enigma was the man who cracked the code.",
                "title": "The Imitation Game (2014)",
                "voteaverage": 8,
                "votecount": 3268
            },
            "_type": "data"
        },
        {
            "_id": "110102",
            "_index": "movies",
            "_score": 0.48006508,
            "_source": {
                "@version": "1",
                "backdroppath": "/4qfXT9BtxeFuamR4F49m2mpKQI1.jpg",
                "budget": 170000000,
                "genres": "Action|Adventure|Sci-Fi|IMAX",
                "homepage": "http://www.captainamericathewintersoldiermovie.com",
                "language": "en",
                "movieid": 110102,
                "overview": "After the cataclysmic events in New York with The Avengers, Steve Rogers, aka Captain America is living quietly in Washington, D.C. and trying to adjust to the modern world. But when a S.H.I.E.L.D. colleague comes under attack, Steve becomes embroiled in a web of intrigue that threatens to put the world at risk. Joining forces with the Black Widow, Captain America struggles to expose the ever-widening conspiracy while fighting off professional assassins sent to silence him at every turn. When the full scope of the villainous plot is revealed, Captain America and the Black Widow enlist the help of a new ally, the Falcon. However, they soon find themselves up against an unexpected and formidable enemyâ€”the Winter Soldier.",
                "popularity": 10.409000396728516,
                "posterpath": "/5TQ6YDmymBpnF005OyoB7ohZps9.jpg",
                "releasedate": "2014-03-20T00:00:00.000Z",
                "revenue": 714766572,
                "runtime": 136,
                "status": "Released",
                "tagline": "In heroes we trust.",
                "title": "Captain America: The Winter Soldier (2014)",
                "voteaverage": 7.599999904632568,
                "votecount": 3725
            },
            "_type": "data"
        }
    ]
}
